// Jest Snapshot v1, https://goo.gl/fbAQLP

exports[`Goal List should generate snapshot 1`] = `
<div>
  <div
    class="MuiGrid-root MuiGrid-container MuiGrid-spacing-xs-2 css-mhc70k-MuiGrid-root"
  >
    <div
      class="MuiGrid-root MuiGrid-item MuiGrid-grid-xs-4 css-gj1fbr-MuiGrid-root"
    >
      <div
        class="MuiPaper-root MuiPaper-elevation MuiPaper-rounded MuiPaper-elevation1 MuiCard-root css-bhp9pd-MuiPaper-root-MuiCard-root"
        data-testid="card-item"
      >
        <div
          class="MuiCardContent-root css-46bh2p-MuiCardContent-root"
        >
          <div
            class="MuiTypography-root MuiTypography-h6 css-1jgmn5n-MuiTypography-root"
          >
            Imóvel novo
          </div>
          <ul
            class="MuiList-root MuiList-padding css-h4y409-MuiList-root"
            variant="body2"
          >
            <li
              class="MuiListItem-root MuiListItem-gutters MuiListItem-padding css-1p823my-MuiListItem-root"
            >
              <div
                class="MuiListItemText-root css-tlelie-MuiListItemText-root"
              >
                <p
                  class="MuiTypography-root MuiTypography-body2 css-e784if-MuiTypography-root"
                >
                  <strong>
                    Porcentagem atual: 
                  </strong>
                  5.69
                   %
                </p>
              </div>
            </li>
            <li
              class="MuiListItem-root MuiListItem-gutters MuiListItem-padding css-1p823my-MuiListItem-root"
            >
              <div
                class="MuiListItemText-root css-tlelie-MuiListItemText-root"
              >
                <p
                  class="MuiTypography-root MuiTypography-body2 css-e784if-MuiTypography-root"
                >
                  <strong>
                    Porcentagem esperada: 
                  </strong>
                  21.43
                   %
                </p>
              </div>
            </li>
            <li
              class="MuiListItem-root MuiListItem-gutters MuiListItem-padding css-1p823my-MuiListItem-root"
            >
              <div
                class="MuiListItemText-root css-tlelie-MuiListItemText-root"
              >
                <p
                  class="MuiTypography-root MuiTypography-body2 css-e784if-MuiTypography-root"
                >
                  <strong>
                    Valor total: 
                  </strong>
                  R$ 
                  400000
                </p>
              </div>
            </li>
            <li
              class="MuiListItem-root MuiListItem-gutters MuiListItem-padding css-1p823my-MuiListItem-root"
            >
              <div
                class="MuiListItemText-root css-tlelie-MuiListItemText-root"
              >
                <p
                  class="MuiTypography-root MuiTypography-body2 css-e784if-MuiTypography-root"
                >
                  <strong>
                    Valor atual: 
                  </strong>
                  R$ 
                  22753.4
                </p>
              </div>
            </li>
            <li
              class="MuiListItem-root MuiListItem-gutters MuiListItem-padding css-1p823my-MuiListItem-root"
            >
              <div
                class="MuiListItemText-root css-tlelie-MuiListItemText-root"
              >
                <p
                  class="MuiTypography-root MuiTypography-body2 css-e784if-MuiTypography-root"
                >
                  <strong>
                    Meses restantes: 
                  </strong>
                  47
                </p>
              </div>
            </li>
            <li
              class="MuiListItem-root MuiListItem-gutters MuiListItem-padding css-1p823my-MuiListItem-root"
            >
              <div
                class="MuiListItemText-root css-tlelie-MuiListItemText-root"
              >
                <p
                  class="MuiTypography-root MuiTypography-body2 css-e784if-MuiTypography-root"
                >
                  <strong>
                    Meses atuais: 
                  </strong>
                  15
                </p>
              </div>
            </li>
            <li
              class="MuiListItem-root MuiListItem-gutters MuiListItem-padding css-1p823my-MuiListItem-root"
            >
              <div
                class="MuiListItemText-root css-tlelie-MuiListItemText-root"
              >
                <p
                  class="MuiTypography-root MuiTypography-body2 css-e784if-MuiTypography-root"
                >
                  <strong>
                    Total de meses: 
                  </strong>
                  70
                </p>
              </div>
            </li>
            <li
              class="MuiListItem-root MuiListItem-gutters MuiListItem-padding css-1p823my-MuiListItem-root"
            >
              <div
                class="MuiListItemText-root css-tlelie-MuiListItemText-root"
              >
                <p
                  class="MuiTypography-root MuiTypography-body2 css-e784if-MuiTypography-root"
                >
                  <strong>
                    Data de início: 
                  </strong>
                   
                  30/09/2021
                </p>
              </div>
            </li>
            <li
              class="MuiListItem-root MuiListItem-gutters MuiListItem-padding css-1p823my-MuiListItem-root"
            >
              <div
                class="MuiListItemText-root css-tlelie-MuiListItemText-root"
              >
                <p
                  class="MuiTypography-root MuiTypography-body2 css-e784if-MuiTypography-root"
                >
                  <strong>
                    Data de fim: 
                  </strong>
                   
                  31/12/2026
                </p>
              </div>
            </li>
          </ul>
        </div>
      </div>
    </div>
    <div
      class="MuiGrid-root MuiGrid-item MuiGrid-grid-xs-4 css-gj1fbr-MuiGrid-root"
    >
      <div
        class="MuiPaper-root MuiPaper-elevation MuiPaper-rounded MuiPaper-elevation1 MuiCard-root css-bhp9pd-MuiPaper-root-MuiCard-root"
        data-testid="card-item"
      >
        <div
          class="MuiCardContent-root css-46bh2p-MuiCardContent-root"
        >
          <div
            class="MuiTypography-root MuiTypography-h6 css-1jgmn5n-MuiTypography-root"
          >
            Férias
          </div>
          <ul
            class="MuiList-root MuiList-padding css-h4y409-MuiList-root"
            variant="body2"
          >
            <li
              class="MuiListItem-root MuiListItem-gutters MuiListItem-padding css-1p823my-MuiListItem-root"
            >
              <div
                class="MuiListItemText-root css-tlelie-MuiListItemText-root"
              >
                <p
                  class="MuiTypography-root MuiTypography-body2 css-e784if-MuiTypography-root"
                >
                  <strong>
                    Porcentagem atual: 
                  </strong>
                  1000.00
                   %
                </p>
              </div>
            </li>
            <li
              class="MuiListItem-root MuiListItem-gutters MuiListItem-padding css-1p823my-MuiListItem-root"
            >
              <div
                class="MuiListItemText-root css-tlelie-MuiListItemText-root"
              >
                <p
                  class="MuiTypography-root MuiTypography-body2 css-e784if-MuiTypography-root"
                >
                  <strong>
                    Porcentagem esperada: 
                  </strong>
                  120.00
                   %
                </p>
              </div>
            </li>
            <li
              class="MuiListItem-root MuiListItem-gutters MuiListItem-padding css-1p823my-MuiListItem-root"
            >
              <div
                class="MuiListItemText-root css-tlelie-MuiListItemText-root"
              >
                <p
                  class="MuiTypography-root MuiTypography-body2 css-e784if-MuiTypography-root"
                >
                  <strong>
                    Valor total: 
                  </strong>
                  R$ 
                  1000
                </p>
              </div>
            </li>
            <li
              class="MuiListItem-root MuiListItem-gutters MuiListItem-padding css-1p823my-MuiListItem-root"
            >
              <div
                class="MuiListItemText-root css-tlelie-MuiListItemText-root"
              >
                <p
                  class="MuiTypography-root MuiTypography-body2 css-e784if-MuiTypography-root"
                >
                  <strong>
                    Valor atual: 
                  </strong>
                  R$ 
                  10000
                </p>
              </div>
            </li>
            <li
              class="MuiListItem-root MuiListItem-gutters MuiListItem-padding css-1p823my-MuiListItem-root"
            >
              <div
                class="MuiListItemText-root css-tlelie-MuiListItemText-root"
              >
                <p
                  class="MuiTypography-root MuiTypography-body2 css-e784if-MuiTypography-root"
                >
                  <strong>
                    Meses restantes: 
                  </strong>
                  -2
                </p>
              </div>
            </li>
            <li
              class="MuiListItem-root MuiListItem-gutters MuiListItem-padding css-1p823my-MuiListItem-root"
            >
              <div
                class="MuiListItemText-root css-tlelie-MuiListItemText-root"
              >
                <p
                  class="MuiTypography-root MuiTypography-body2 css-e784if-MuiTypography-root"
                >
                  <strong>
                    Meses atuais: 
                  </strong>
                  12
                </p>
              </div>
            </li>
            <li
              class="MuiListItem-root MuiListItem-gutters MuiListItem-padding css-1p823my-MuiListItem-root"
            >
              <div
                class="MuiListItemText-root css-tlelie-MuiListItemText-root"
              >
                <p
                  class="MuiTypography-root MuiTypography-body2 css-e784if-MuiTypography-root"
                >
                  <strong>
                    Total de meses: 
                  </strong>
                  10
                </p>
              </div>
            </li>
            <li
              class="MuiListItem-root MuiListItem-gutters MuiListItem-padding css-1p823my-MuiListItem-root"
            >
              <div
                class="MuiListItemText-root css-tlelie-MuiListItemText-root"
              >
                <p
                  class="MuiTypography-root MuiTypography-body2 css-e784if-MuiTypography-root"
                >
                  <strong>
                    Data de início: 
                  </strong>
                   
                  31/12/2021
                </p>
              </div>
            </li>
            <li
              class="MuiListItem-root MuiListItem-gutters MuiListItem-padding css-1p823my-MuiListItem-root"
            >
              <div
                class="MuiListItemText-root css-tlelie-MuiListItemText-root"
              >
                <p
                  class="MuiTypography-root MuiTypography-body2 css-e784if-MuiTypography-root"
                >
                  <strong>
                    Data de fim: 
                  </strong>
                   
                  31/10/2022
                </p>
              </div>
            </li>
          </ul>
        </div>
      </div>
    </div>
    <div
      class="MuiGrid-root MuiGrid-item MuiGrid-grid-xs-4 css-gj1fbr-MuiGrid-root"
    >
      <div
        class="MuiPaper-root MuiPaper-elevation MuiPaper-rounded MuiPaper-elevation1 MuiCard-root css-bhp9pd-MuiPaper-root-MuiCard-root"
        data-testid="card-item"
      >
        <div
          class="MuiCardContent-root css-46bh2p-MuiCardContent-root"
        >
          <div
            class="MuiTypography-root MuiTypography-h6 css-1jgmn5n-MuiTypography-root"
          >
            Imóvel
          </div>
          <ul
            class="MuiList-root MuiList-padding css-h4y409-MuiList-root"
            variant="body2"
          >
            <li
              class="MuiListItem-root MuiListItem-gutters MuiListItem-padding css-1p823my-MuiListItem-root"
            >
              <div
                class="MuiListItemText-root css-tlelie-MuiListItemText-root"
              >
                <p
                  class="MuiTypography-root MuiTypography-body2 css-e784if-MuiTypography-root"
                >
                  <strong>
                    Porcentagem atual: 
                  </strong>
                  0.11
                   %
                </p>
              </div>
            </li>
            <li
              class="MuiListItem-root MuiListItem-gutters MuiListItem-padding css-1p823my-MuiListItem-root"
            >
              <div
                class="MuiListItemText-root css-tlelie-MuiListItemText-root"
              >
                <p
                  class="MuiTypography-root MuiTypography-body2 css-e784if-MuiTypography-root"
                >
                  <strong>
                    Porcentagem esperada: 
                  </strong>
                  16.67
                   %
                </p>
              </div>
            </li>
            <li
              class="MuiListItem-root MuiListItem-gutters MuiListItem-padding css-1p823my-MuiListItem-root"
            >
              <div
                class="MuiListItemText-root css-tlelie-MuiListItemText-root"
              >
                <p
                  class="MuiTypography-root MuiTypography-body2 css-e784if-MuiTypography-root"
                >
                  <strong>
                    Valor total: 
                  </strong>
                  R$ 
                  400000
                </p>
              </div>
            </li>
            <li
              class="MuiListItem-root MuiListItem-gutters MuiListItem-padding css-1p823my-MuiListItem-root"
            >
              <div
                class="MuiListItemText-root css-tlelie-MuiListItemText-root"
              >
                <p
                  class="MuiTypography-root MuiTypography-body2 css-e784if-MuiTypography-root"
                >
                  <strong>
                    Valor atual: 
                  </strong>
                  R$ 
                  420.5
                </p>
              </div>
            </li>
            <li
              class="MuiListItem-root MuiListItem-gutters MuiListItem-padding css-1p823my-MuiListItem-root"
            >
              <div
                class="MuiListItemText-root css-tlelie-MuiListItemText-root"
              >
                <p
                  class="MuiTypography-root MuiTypography-body2 css-e784if-MuiTypography-root"
                >
                  <strong>
                    Meses restantes: 
                  </strong>
                  35
                </p>
              </div>
            </li>
            <li
              class="MuiListItem-root MuiListItem-gutters MuiListItem-padding css-1p823my-MuiListItem-root"
            >
              <div
                class="MuiListItemText-root css-tlelie-MuiListItemText-root"
              >
                <p
                  class="MuiTypography-root MuiTypography-body2 css-e784if-MuiTypography-root"
                >
                  <strong>
                    Meses atuais: 
                  </strong>
                  12
                </p>
              </div>
            </li>
            <li
              class="MuiListItem-root MuiListItem-gutters MuiListItem-padding css-1p823my-MuiListItem-root"
            >
              <div
                class="MuiListItemText-root css-tlelie-MuiListItemText-root"
              >
                <p
                  class="MuiTypography-root MuiTypography-body2 css-e784if-MuiTypography-root"
                >
                  <strong>
                    Total de meses: 
                  </strong>
                  72
                </p>
              </div>
            </li>
            <li
              class="MuiListItem-root MuiListItem-gutters MuiListItem-padding css-1p823my-MuiListItem-root"
            >
              <div
                class="MuiListItemText-root css-tlelie-MuiListItemText-root"
              >
                <p
                  class="MuiTypography-root MuiTypography-body2 css-e784if-MuiTypography-root"
                >
                  <strong>
                    Data de início: 
                  </strong>
                   
                  31/12/2021
                </p>
              </div>
            </li>
            <li
              class="MuiListItem-root MuiListItem-gutters MuiListItem-padding css-1p823my-MuiListItem-root"
            >
              <div
                class="MuiListItemText-root css-tlelie-MuiListItemText-root"
              >
                <p
                  class="MuiTypography-root MuiTypography-body2 css-e784if-MuiTypography-root"
                >
                  <strong>
                    Data de fim: 
                  </strong>
                   
                  31/12/2025
                </p>
              </div>
            </li>
          </ul>
        </div>
      </div>
    </div>
  </div>
</div>
`;
