// Jest Snapshot v1, https://goo.gl/fbAQLP

exports[`Investiment Container should generate snapshot 1`] = `
<div>
  <div
    class="MuiBox-root css-m4l5cg"
  >
    <div
      class="MuiGrid-root MuiGrid-container css-13puk6r-MuiGrid-root"
    >
      <div
        class="MuiGrid-root MuiGrid-item MuiGrid-grid-xs-11 MuiGrid-grid-sm-12 MuiGrid-grid-md-12 MuiGrid-grid-lg-12 css-25posd-MuiGrid-root"
      >
        <div
          class="MuiPaper-root MuiPaper-elevation MuiPaper-rounded MuiPaper-elevation1 MuiCard-root css-bhp9pd-MuiPaper-root-MuiCard-root"
        >
          <div
            class="MuiCardContent-root css-46bh2p-MuiCardContent-root"
          >
            <nav
              aria-label="breadcrumb"
              class="MuiTypography-root MuiTypography-body1 MuiBreadcrumbs-root css-63vwl1-MuiTypography-root-MuiBreadcrumbs-root"
            >
              <ol
                class="MuiBreadcrumbs-ol css-4pdmu4-MuiBreadcrumbs-ol"
              >
                <li
                  class="MuiBreadcrumbs-li"
                >
                  <a
                    class="MuiTypography-root MuiTypography-body2 MuiLink-root MuiLink-underlineHover css-9smqfy-MuiTypography-root-MuiLink-root"
                    data-testid="bread-firstlevel"
                    href="/"
                  >
                    Início
                  </a>
                </li>
                <li
                  aria-hidden="true"
                  class="MuiBreadcrumbs-separator css-1wuw8dw-MuiBreadcrumbs-separator"
                >
                  ›
                </li>
                <li
                  class="MuiBreadcrumbs-li"
                >
                  <a
                    class="MuiTypography-root MuiTypography-body2 MuiLink-root MuiLink-underlineHover css-9smqfy-MuiTypography-root-MuiLink-root"
                    data-testid="bread-secondlevel"
                    href="/"
                  >
                    Dashboard
                  </a>
                </li>
                <li
                  aria-hidden="true"
                  class="MuiBreadcrumbs-separator css-1wuw8dw-MuiBreadcrumbs-separator"
                >
                  ›
                </li>
                <li
                  class="MuiBreadcrumbs-li"
                >
                  <p
                    class="MuiTypography-root MuiTypography-body2 css-1yr8029-MuiTypography-root"
                    data-testid="bread-lastlevel"
                  >
                    Investimentos
                  </p>
                </li>
              </ol>
            </nav>
            <h1
              class="MuiTypography-root MuiTypography-h5 MuiTypography-gutterBottom css-1y15g74-MuiTypography-root"
            >
              Investimentos próximos do resgate
            </h1>
            <div
              class="MuiGrid-root MuiGrid-container MuiGrid-spacing-xs-2 css-mhc70k-MuiGrid-root"
            />
          </div>
        </div>
      </div>
    </div>
    <div
      class="MuiGrid-root MuiGrid-container css-13puk6r-MuiGrid-root"
    >
      <div
        class="MuiGrid-root MuiGrid-item MuiGrid-grid-xs-11 MuiGrid-grid-sm-12 MuiGrid-grid-md-12 MuiGrid-grid-lg-12 css-25posd-MuiGrid-root"
      >
        <div
          class="MuiPaper-root MuiPaper-elevation MuiPaper-rounded MuiPaper-elevation1 MuiCard-root css-bhp9pd-MuiPaper-root-MuiCard-root"
        >
          <div
            class="MuiCardContent-root css-46bh2p-MuiCardContent-root"
          >
            <nav
              aria-label="breadcrumb"
              class="MuiTypography-root MuiTypography-body1 MuiBreadcrumbs-root css-63vwl1-MuiTypography-root-MuiBreadcrumbs-root"
            >
              <ol
                class="MuiBreadcrumbs-ol css-4pdmu4-MuiBreadcrumbs-ol"
              >
                <li
                  class="MuiBreadcrumbs-li"
                >
                  <a
                    class="MuiTypography-root MuiTypography-body2 MuiLink-root MuiLink-underlineHover css-9smqfy-MuiTypography-root-MuiLink-root"
                    data-testid="bread-firstlevel"
                    href="/"
                  >
                    Início
                  </a>
                </li>
                <li
                  aria-hidden="true"
                  class="MuiBreadcrumbs-separator css-1wuw8dw-MuiBreadcrumbs-separator"
                >
                  ›
                </li>
                <li
                  class="MuiBreadcrumbs-li"
                >
                  <a
                    class="MuiTypography-root MuiTypography-body2 MuiLink-root MuiLink-underlineHover css-9smqfy-MuiTypography-root-MuiLink-root"
                    data-testid="bread-secondlevel"
                    href="/"
                  >
                    Dashboard
                  </a>
                </li>
                <li
                  aria-hidden="true"
                  class="MuiBreadcrumbs-separator css-1wuw8dw-MuiBreadcrumbs-separator"
                >
                  ›
                </li>
                <li
                  class="MuiBreadcrumbs-li"
                >
                  <p
                    class="MuiTypography-root MuiTypography-body2 css-1yr8029-MuiTypography-root"
                    data-testid="bread-lastlevel"
                  >
                    Investimentos
                  </p>
                </li>
              </ol>
            </nav>
            <h1
              class="MuiTypography-root MuiTypography-h5 MuiTypography-gutterBottom css-1y15g74-MuiTypography-root"
            >
              Investimentos resgatados
            </h1>
            <div
              class="MuiGrid-root MuiGrid-container MuiGrid-spacing-xs-2 css-mhc70k-MuiGrid-root"
            />
          </div>
        </div>
      </div>
    </div>
    <div
      class="MuiGrid-root MuiGrid-container css-13puk6r-MuiGrid-root"
    >
      <div
        class="MuiGrid-root MuiGrid-item MuiGrid-grid-xs-11 MuiGrid-grid-sm-12 MuiGrid-grid-md-12 MuiGrid-grid-lg-12 css-25posd-MuiGrid-root"
      >
        <div
          class="MuiPaper-root MuiPaper-elevation MuiPaper-rounded MuiPaper-elevation1 MuiCard-root css-bhp9pd-MuiPaper-root-MuiCard-root"
        >
          <div
            class="MuiCardContent-root css-46bh2p-MuiCardContent-root"
          >
            <nav
              aria-label="breadcrumb"
              class="MuiTypography-root MuiTypography-body1 MuiBreadcrumbs-root css-63vwl1-MuiTypography-root-MuiBreadcrumbs-root"
            >
              <ol
                class="MuiBreadcrumbs-ol css-4pdmu4-MuiBreadcrumbs-ol"
              >
                <li
                  class="MuiBreadcrumbs-li"
                >
                  <a
                    class="MuiTypography-root MuiTypography-body2 MuiLink-root MuiLink-underlineHover css-9smqfy-MuiTypography-root-MuiLink-root"
                    data-testid="bread-firstlevel"
                    href="/"
                  >
                    Início
                  </a>
                </li>
                <li
                  aria-hidden="true"
                  class="MuiBreadcrumbs-separator css-1wuw8dw-MuiBreadcrumbs-separator"
                >
                  ›
                </li>
                <li
                  class="MuiBreadcrumbs-li"
                >
                  <a
                    class="MuiTypography-root MuiTypography-body2 MuiLink-root MuiLink-underlineHover css-9smqfy-MuiTypography-root-MuiLink-root"
                    data-testid="bread-secondlevel"
                    href="/"
                  >
                    Dashboard
                  </a>
                </li>
                <li
                  aria-hidden="true"
                  class="MuiBreadcrumbs-separator css-1wuw8dw-MuiBreadcrumbs-separator"
                >
                  ›
                </li>
                <li
                  class="MuiBreadcrumbs-li"
                >
                  <p
                    class="MuiTypography-root MuiTypography-body2 css-1yr8029-MuiTypography-root"
                    data-testid="bread-lastlevel"
                  >
                    Investimentos
                  </p>
                </li>
              </ol>
            </nav>
            <h1
              class="MuiTypography-root MuiTypography-h5 MuiTypography-gutterBottom css-1y15g74-MuiTypography-root"
            >
              Investimentos
            </h1>
            <div
              class="MuiGrid-root MuiGrid-container MuiGrid-spacing-xs-2 css-mhc70k-MuiGrid-root"
            />
          </div>
        </div>
      </div>
    </div>
  </div>
</div>
`;
