// Jest Snapshot v1, https://goo.gl/fbAQLP

exports[`Goal List should generate snapshot 1`] = `
<div>
  <div
    class="MuiGrid-root MuiGrid-container MuiGrid-spacing-xs-2 css-mhc70k-MuiGrid-root"
  >
    <div
      class="MuiGrid-root MuiGrid-item MuiGrid-grid-xs-4 css-gj1fbr-MuiGrid-root"
    >
      <div
        class="MuiPaper-root MuiPaper-elevation MuiPaper-rounded MuiPaper-elevation1 MuiCard-root css-1ig64wq-MuiPaper-root-MuiCard-root"
        data-testid="card-item"
      >
        <div
          class="MuiCardContent-root css-r5ajmp-MuiCardContent-root"
        >
          <div
            class="MuiTypography-root MuiTypography-h6 css-1jgmn5n-MuiTypography-root"
          >
            Conta corrente
          </div>
          <ul
            class="MuiList-root MuiList-padding css-h4y409-MuiList-root"
            variant="body2"
          >
            <ul
              class="MuiList-root MuiList-padding css-h4y409-MuiList-root"
              variant="body2"
            >
              <li
                class="MuiListItem-root MuiListItem-gutters MuiListItem-padding css-1p823my-MuiListItem-root"
              >
                <div
                  class="MuiListItemText-root css-tlelie-MuiListItemText-root"
                >
                  <p
                    class="MuiTypography-root MuiTypography-body2 css-e784if-MuiTypography-root"
                  >
                    <strong>
                      Tipo: 
                    </strong>
                    CHECKING_ACCOUNT
                  </p>
                  <p
                    class="MuiTypography-root MuiTypography-body2 css-e784if-MuiTypography-root"
                  >
                    <strong>
                      Valor líquido: 
                    </strong>
                    R$ 
                    5000
                  </p>
                  <p
                    class="MuiTypography-root MuiTypography-body2 css-e784if-MuiTypography-root"
                  >
                    <strong>
                      Categoria: 
                    </strong>
                    Conta corrente
                  </p>
                  <p
                    class="MuiTypography-root MuiTypography-body2 css-e784if-MuiTypography-root"
                  >
                    <strong>
                      Plataforma: 
                    </strong>
                    Itaú
                  </p>
                </div>
              </li>
            </ul>
          </ul>
        </div>
        <div
          class="MuiCardActions-root MuiCardActions-spacing css-1t6e9jv-MuiCardActions-root"
        >
          <button
            class="MuiButton-root MuiButton-contained MuiButton-containedPrimary MuiButton-sizeSmall MuiButton-containedSizeSmall MuiButton-fullWidth MuiButtonBase-root  css-1evprfk-MuiButtonBase-root-MuiButton-root"
            tabindex="0"
            type="button"
          >
            Resgatar
            <span
              class="MuiTouchRipple-root css-8je8zh-MuiTouchRipple-root"
            />
          </button>
        </div>
        <div
          class="MuiCardActions-root MuiCardActions-spacing css-1t6e9jv-MuiCardActions-root"
        >
          <button
            class="MuiButton-root MuiButton-contained MuiButton-containedPrimary MuiButton-sizeSmall MuiButton-containedSizeSmall MuiButton-fullWidth MuiButtonBase-root  css-1evprfk-MuiButtonBase-root-MuiButton-root"
            tabindex="0"
            type="button"
          >
            Editar
            <span
              class="MuiTouchRipple-root css-8je8zh-MuiTouchRipple-root"
            />
          </button>
          <button
            class="MuiButton-root MuiButton-contained MuiButton-containedPrimary MuiButton-sizeSmall MuiButton-containedSizeSmall MuiButton-fullWidth MuiButtonBase-root  css-1evprfk-MuiButtonBase-root-MuiButton-root"
            tabindex="0"
            type="button"
          >
            Excluir
            <span
              class="MuiTouchRipple-root css-8je8zh-MuiTouchRipple-root"
            />
          </button>
        </div>
      </div>
    </div>
    <div
      class="MuiGrid-root MuiGrid-item MuiGrid-grid-xs-4 css-gj1fbr-MuiGrid-root"
    >
      <div
        class="MuiPaper-root MuiPaper-elevation MuiPaper-rounded MuiPaper-elevation1 MuiCard-root css-14g29go-MuiPaper-root-MuiCard-root"
        data-testid="card-item"
      >
        <div
          class="MuiCardContent-root css-r5ajmp-MuiCardContent-root"
        >
          <div
            class="MuiTypography-root MuiTypography-h6 css-1jgmn5n-MuiTypography-root"
          >
            IPCA+ 2026
          </div>
          <ul
            class="MuiList-root MuiList-padding css-h4y409-MuiList-root"
            variant="body2"
          >
            <ul
              class="MuiList-root MuiList-padding css-h4y409-MuiList-root"
              variant="body2"
            >
              <li
                class="MuiListItem-root MuiListItem-gutters MuiListItem-padding css-1p823my-MuiListItem-root"
              >
                <div
                  class="MuiListItemText-root css-tlelie-MuiListItemText-root"
                >
                  <p
                    class="MuiTypography-root MuiTypography-body2 css-e784if-MuiTypography-root"
                  >
                    <strong>
                      Tipo: 
                    </strong>
                    FIXED_INCOME
                  </p>
                  <p
                    class="MuiTypography-root MuiTypography-body2 css-e784if-MuiTypography-root"
                  >
                    <strong>
                      Indexador: 
                    </strong>
                    IPCA
                     + 
                    5.59
                  </p>
                  <p
                    class="MuiTypography-root MuiTypography-body2 css-e784if-MuiTypography-root"
                  >
                    <strong>
                      Rentabilidade mensal: 
                    </strong>
                    0.95
                  </p>
                  <p
                    class="MuiTypography-root MuiTypography-body2 css-e784if-MuiTypography-root"
                  >
                    <strong>
                      Vencimento em: 
                    </strong>
                    12/12/2022
                  </p>
                  <p
                    class="MuiTypography-root MuiTypography-body2 css-e784if-MuiTypography-root"
                  >
                    <strong>
                      Valor esperado: 
                    </strong>
                    R$ 
                    5000
                  </p>
                  <p
                    class="MuiTypography-root MuiTypography-body2 css-e784if-MuiTypography-root"
                  >
                    <strong>
                      Valor investido: 
                    </strong>
                    R$ 
                    3000
                  </p>
                  <p
                    class="MuiTypography-root MuiTypography-body2 css-e784if-MuiTypography-root"
                  >
                    <strong>
                      Categoria: 
                    </strong>
                    Tesouro Direto
                  </p>
                  <p
                    class="MuiTypography-root MuiTypography-body2 css-e784if-MuiTypography-root"
                  >
                    <strong>
                      Plataforma: 
                    </strong>
                    Clear
                  </p>
                </div>
              </li>
            </ul>
          </ul>
        </div>
        <div
          class="MuiCardActions-root MuiCardActions-spacing css-1t6e9jv-MuiCardActions-root"
        >
          <button
            class="MuiButton-root MuiButton-contained MuiButton-containedPrimary MuiButton-sizeSmall MuiButton-containedSizeSmall MuiButton-fullWidth MuiButtonBase-root  css-1evprfk-MuiButtonBase-root-MuiButton-root"
            tabindex="0"
            type="button"
          >
            Resgatar
            <span
              class="MuiTouchRipple-root css-8je8zh-MuiTouchRipple-root"
            />
          </button>
        </div>
        <div
          class="MuiCardActions-root MuiCardActions-spacing css-1t6e9jv-MuiCardActions-root"
        >
          <button
            class="MuiButton-root MuiButton-contained MuiButton-containedPrimary MuiButton-sizeSmall MuiButton-containedSizeSmall MuiButton-fullWidth MuiButtonBase-root  css-1evprfk-MuiButtonBase-root-MuiButton-root"
            tabindex="0"
            type="button"
          >
            Editar
            <span
              class="MuiTouchRipple-root css-8je8zh-MuiTouchRipple-root"
            />
          </button>
          <button
            class="MuiButton-root MuiButton-contained MuiButton-containedPrimary MuiButton-sizeSmall MuiButton-containedSizeSmall MuiButton-fullWidth MuiButtonBase-root  css-1evprfk-MuiButtonBase-root-MuiButton-root"
            tabindex="0"
            type="button"
          >
            Excluir
            <span
              class="MuiTouchRipple-root css-8je8zh-MuiTouchRipple-root"
            />
          </button>
        </div>
      </div>
    </div>
  </div>
</div>
`;
